// Jest Snapshot v1, https://goo.gl/fbAQLP

exports[`FederatedComponent should match snapshot 1`] = `
<div>
  <div>
    test component
  </div>
</div>
`;
