// Jest Snapshot v1, https://goo.gl/fbAQLP

exports[`Splash should match snapshot 1`] = `
<div>
  <div
    style="display: flex; align-items: center; justify-content: center; flex-grow: 1; height: 100vh; background-color: rgb(0, 0, 0);"
  >
    <span
      style="display: inherit; position: relative;"
    >
      <span
        style="position: absolute; font-size: 8px; width: 24px; height: 24px; background: orangered; border-radius: 50%; animation: react-spinners-PropagateLoader-propogate-0 1s infinite; animation-fill-mode: forwards;"
      />
      <span
        style="position: absolute; font-size: 8px; width: 24px; height: 24px; background: orangered; border-radius: 50%; animation: react-spinners-PropagateLoader-propogate-1 1s infinite; animation-fill-mode: forwards;"
      />
      <span
        style="position: absolute; font-size: 8px; width: 24px; height: 24px; background: orangered; border-radius: 50%; animation: react-spinners-PropagateLoader-propogate-2 1s infinite; animation-fill-mode: forwards;"
      />
      <span
        style="position: absolute; font-size: 8px; width: 24px; height: 24px; background: orangered; border-radius: 50%; animation: react-spinners-PropagateLoader-propogate-3 1s infinite; animation-fill-mode: forwards;"
      />
      <span
        style="position: absolute; font-size: 8px; width: 24px; height: 24px; background: orangered; border-radius: 50%; animation: react-spinners-PropagateLoader-propogate-4 1s infinite; animation-fill-mode: forwards;"
      />
      <span
        style="position: absolute; font-size: 8px; width: 24px; height: 24px; background: orangered; border-radius: 50%; animation: react-spinners-PropagateLoader-propogate-5 1s infinite; animation-fill-mode: forwards;"
      />
    </span>
  </div>
</div>
`;
